// Jest Snapshot v1, https://goo.gl/fbAQLP

exports[`Test Button Component renders correctly 1`] = `
<div
  className="sc-AxjAm jGNylq"
/>
`;
