// Jest Snapshot v1, https://goo.gl/fbAQLP

exports[`Test UserResult Component renders correctly 1`] = `null`;

exports[`Test UserResult Component renders correctly the loading state 1`] = `null`;

exports[`Test UserResult Component renders correctly the not found state 1`] = `null`;
