// Jest Snapshot v1, https://goo.gl/fbAQLP

exports[`Test FlickrResult Component renders correctly 1`] = `
<div
  className="FlickrGalleryStyled__FlickrGalleryContainer-sc-3z0gpy-0 kwOdIo"
>
  <figure
    className="FlickrGalleryStyled__FlickrImageContainer-sc-3z0gpy-1 kxaNwV"
  >
    <img
      className="FlickrGalleryStyled__FlickrImage-sc-3z0gpy-2 dxtjqM"
      src="url.com"
    />
    <div
      className="FlickrGalleryStyled__ImageInfo-sc-3z0gpy-3 bHTbjt"
    >
      <div
        className="FlickrGalleryStyled__ImageDetail-sc-3z0gpy-4 fhnvNK"
      >
        random Image
      </div>
      <div
        className="FlickrGalleryStyled__ImageDetail-sc-3z0gpy-4 fhnvNK"
      >
        credits: 
        Random User
      </div>
    </div>
  </figure>
  <figure
    className="FlickrGalleryStyled__FlickrImageContainer-sc-3z0gpy-1 kxaNwV"
  >
    <img
      className="FlickrGalleryStyled__FlickrImage-sc-3z0gpy-2 dxtjqM"
      src="url.dk"
    />
    <div
      className="FlickrGalleryStyled__ImageInfo-sc-3z0gpy-3 bHTbjt"
    >
      <div
        className="FlickrGalleryStyled__ImageDetail-sc-3z0gpy-4 fhnvNK"
      >
        random Image
      </div>
      <div
        className="FlickrGalleryStyled__ImageDetail-sc-3z0gpy-4 fhnvNK"
      >
        credits: 
        Random User
      </div>
    </div>
  </figure>
</div>
`;

exports[`Test FlickrResult Component renders correctly the loading state 1`] = `
<div
  className="sc-AxjAm khEyo"
>
  <svg
    height="44"
    stroke="#c179b9"
    viewBox="0 0 44 44"
    width="44"
    xmlns="http://www.w3.org/2000/svg"
  >
    <g
      fill="none"
      fillRule="evenodd"
      strokeWidth="2"
    >
      <circle
        cx="22"
        cy="22"
        r="1"
      >
        <animate
          attributeName="r"
          begin="0s"
          calcMode="spline"
          dur="1.8s"
          keySplines="0.165, 0.84, 0.44, 1"
          keyTimes="0; 1"
          repeatCount="indefinite"
          values="1; 20"
        />
        <animate
          attributeName="stroke-opacity"
          begin="0s"
          calcMode="spline"
          dur="1.8s"
          keySplines="0.3, 0.61, 0.355, 1"
          keyTimes="0; 1"
          repeatCount="indefinite"
          values="1; 0"
        />
      </circle>
      <circle
        cx="22"
        cy="22"
        r="1"
      >
        <animate
          attributeName="r"
          begin="-0.9s"
          calcMode="spline"
          dur="1.8s"
          keySplines="0.165, 0.84, 0.44, 1"
          keyTimes="0; 1"
          repeatCount="indefinite"
          values="1; 20"
        />
        <animate
          attributeName="stroke-opacity"
          begin="-0.9s"
          calcMode="spline"
          dur="1.8s"
          keySplines="0.3, 0.61, 0.355, 1"
          keyTimes="0; 1"
          repeatCount="indefinite"
          values="1; 0"
        />
      </circle>
    </g>
  </svg>
</div>
`;

exports[`Test FlickrResult Component renders correctly the not found state 1`] = `
<div
  className="sc-AxjAm khEyo"
>
  no images found
</div>
`;
